[train_arena] n_steps-512_s1
[train_arena] {
  "control_style": "direct",
  "policy": "MlpPolicy",
  "started": "2026-09-12T00:30:18",
  "git_commit": "fc2cf4b",
  "algorithm": "PPO",
  "total_timesteps": 100000,
  "n_envs": 8,
  "learning_rate": 0.0003,
  "n_steps": 512,
  "batch_size": 512,
  "gamma": 0.99,
  "ent_coef": 0.005,
  "net_arch": [
    64,
    64
  ],
  "seed": 1,
  "run_name": "n_steps-512_s1",
  "mechanics": false,
  "observation_dim": 20,
  "mechanics_config": null,
  "model_path": "/Users/hanhdo/Documents/RMIT/Semester 11/Games and AI Techniques/assignments/A3/A3_TDuong/logs/arena_sweep/models/ppo_direct.zip",
  "ignored_hyperparameters": []
}
Using cpu device
Logging to /Users/hanhdo/Documents/RMIT/Semester 11/Games and AI Techniques/assignments/A3/A3_TDuong/logs/arena_sweep/n_steps-512_s1/tb_2
------------------------------------
| behaviour/            |          |
|    damage_taken       | 5        |
|    enemies_killed     | 1.15     |
|    episode_length     | 221      |
|    phase_reached      | 1        |
|    spawners_destroyed | 0.0769   |
|    survival_rate      | 0        |
| rollout/              |          |
|    ep_len_mean        | 221      |
|    ep_rew_mean        | -13.2    |
| time/                 |          |
|    fps                | 22762    |
|    iterations         | 1        |
|    time_elapsed       | 0        |
|    total_timesteps    | 4096     |
------------------------------------
------------------------------------------
| behaviour/              |              |
|    damage_taken         | 5            |
|    enemies_killed       | 1.03         |
|    episode_length       | 218          |
|    phase_reached        | 1            |
|    spawners_destroyed   | 0.0645       |
|    survival_rate        | 0            |
| rollout/                |              |
|    ep_len_mean          | 218          |
|    ep_rew_mean          | -13.3        |
| time/                   |              |
|    fps                  | 16967        |
|    iterations           | 2            |
|    time_elapsed         | 0            |
|    total_timesteps      | 8192         |
| train/                  |              |
|    approx_kl            | 0.0035599717 |
|    clip_fraction        | 0.00244      |
|    clip_range           | 0.2          |
|    entropy_loss         | -1.79        |
|    explained_variance   | -0.0114      |
|    learning_rate        | 0.0003       |
|    loss                 | 1.41         |
|    n_updates            | 10           |
|    policy_gradient_loss | -0.00231     |
|    value_loss           | 2.76         |
------------------------------------------
-----------------------------------------
| behaviour/              |             |
|    damage_taken         | 5           |
|    enemies_killed       | 1.45        |
|    episode_length       | 232         |
|    phase_reached        | 1           |
|    spawners_destroyed   | 0.0851      |
|    survival_rate        | 0           |
| rollout/                |             |
|    ep_len_mean          | 232         |
|    ep_rew_mean          | -12.9       |
| time/                   |             |
|    fps                  | 15988       |
|    iterations           | 3           |
|    time_elapsed         | 0           |
|    total_timesteps      | 12288       |
| train/                  |             |
|    approx_kl            | 0.007009362 |
|    clip_fraction        | 0.0152      |
|    clip_range           | 0.2         |
|    entropy_loss         | -1.78       |
|    explained_variance   | 0.284       |
|    learning_rate        | 0.0003      |
|    loss                 | 0.971       |
|    n_updates            | 20          |
|    policy_gradient_loss | -0.00335    |
|    value_loss           | 2.62        |
-----------------------------------------
-----------------------------------------
| behaviour/              |             |
|    damage_taken         | 5           |
|    enemies_killed       | 1.43        |
|    episode_length       | 236         |
|    phase_reached        | 1           |
|    spawners_destroyed   | 0.0615      |
|    survival_rate        | 0           |
| rollout/                |             |
|    ep_len_mean          | 236         |
|    ep_rew_mean          | -13.1       |
| time/                   |             |
|    fps                  | 15603       |
|    iterations           | 4           |
|    time_elapsed         | 1           |
|    total_timesteps      | 16384       |
| train/                  |             |
|    approx_kl            | 0.004106529 |
|    clip_fraction        | 0.00559     |
|    clip_range           | 0.2         |
|    entropy_loss         | -1.77       |
|    explained_variance   | 0.546       |
|    learning_rate        | 0.0003      |
|    loss                 | 0.626       |
|    n_updates            | 30          |
|    policy_gradient_loss | -0.00247    |
|    value_loss           | 1.64        |
-----------------------------------------
-----------------------------------------
| behaviour/              |             |
|    damage_taken         | 5           |
|    enemies_killed       | 1.44        |
|    episode_length       | 243         |
|    phase_reached        | 1           |
|    spawners_destroyed   | 0.0494      |
|    survival_rate        | 0           |
| rollout/                |             |
|    ep_len_mean          | 243         |
|    ep_rew_mean          | -13.2       |
| time/                   |             |
|    fps                  | 15469       |
|    iterations           | 5           |
|    time_elapsed         | 1           |
|    total_timesteps      | 20480       |
| train/                  |             |
|    approx_kl            | 0.009246176 |
|    clip_fraction        | 0.0183      |
|    clip_range           | 0.2         |
|    entropy_loss         | -1.76       |
|    explained_variance   | 0.769       |
|    learning_rate        | 0.0003      |
|    loss                 | 0.306       |
|    n_updates            | 40          |
|    policy_gradient_loss | -0.00298    |
|    value_loss           | 0.934       |
-----------------------------------------
-----------------------------------------
| behaviour/              |             |
|    damage_taken         | 5           |
|    enemies_killed       | 1.41        |
|    episode_length       | 244         |
|    phase_reached        | 1           |
|    spawners_destroyed   | 0.0526      |
|    survival_rate        | 0           |
| rollout/                |             |
|    ep_len_mean          | 244         |
|    ep_rew_mean          | -13.3       |
| time/                   |             |
|    fps                  | 15201       |
|    iterations           | 6           |
|    time_elapsed         | 1           |
|    total_timesteps      | 24576       |
| train/                  |             |
|    approx_kl            | 0.007775065 |
|    clip_fraction        | 0.0204      |
|    clip_range           | 0.2         |
|    entropy_loss         | -1.74       |
|    explained_variance   | 0.881       |
|    learning_rate        | 0.0003      |
|    loss                 | 0.209       |
|    n_updates            | 50          |
|    policy_gradient_loss | -0.00298    |
|    value_loss           | 0.559       |
-----------------------------------------
-----------------------------------------
| behaviour/              |             |
|    damage_taken         | 5           |
|    enemies_killed       | 1.36        |
|    episode_length       | 244         |
|    phase_reached        | 1           |
|    spawners_destroyed   | 0.04        |
|    survival_rate        | 0           |
| rollout/                |             |
|    ep_len_mean          | 244         |
|    ep_rew_mean          | -13.4       |
| time/                   |             |
|    fps                  | 15109       |
|    iterations           | 7           |
|    time_elapsed         | 1           |
|    total_timesteps      | 28672       |
| train/                  |             |
|    approx_kl            | 0.005369248 |
|    clip_fraction        | 0.02        |
|    clip_range           | 0.2         |
|    entropy_loss         | -1.74       |
|    explained_variance   | 0.87        |
|    learning_rate        | 0.0003      |
|    loss                 | 0.275       |
|    n_updates            | 60          |
|    policy_gradient_loss | -0.00444    |
|    value_loss           | 0.661       |
-----------------------------------------
------------------------------------------
| behaviour/              |              |
|    damage_taken         | 5            |
|    enemies_killed       | 1.38         |
|    episode_length       | 247          |
|    phase_reached        | 1            |
|    spawners_destroyed   | 0.03         |
|    survival_rate        | 0            |
| rollout/                |              |
|    ep_len_mean          | 247          |
|    ep_rew_mean          | -13.4        |
| time/                   |              |
|    fps                  | 15087        |
|    iterations           | 8            |
|    time_elapsed         | 2            |
|    total_timesteps      | 32768        |
| train/                  |              |
|    approx_kl            | 0.0055465833 |
|    clip_fraction        | 0.0192       |
|    clip_range           | 0.2          |
|    entropy_loss         | -1.75        |
|    explained_variance   | 0.943        |
|    learning_rate        | 0.0003       |
|    loss                 | 0.13         |
|    n_updates            | 70           |
|    policy_gradient_loss | -0.00347     |
|    value_loss           | 0.336        |
------------------------------------------
-----------------------------------------
| behaviour/              |             |
|    damage_taken         | 5           |
|    enemies_killed       | 1.26        |
|    episode_length       | 248         |
|    phase_reached        | 1           |
|    spawners_destroyed   | 0.02        |
|    survival_rate        | 0           |
| rollout/                |             |
|    ep_len_mean          | 248         |
|    ep_rew_mean          | -13.6       |
| time/                   |             |
|    fps                  | 14978       |
|    iterations           | 9           |
|    time_elapsed         | 2           |
|    total_timesteps      | 36864       |
| train/                  |             |
|    approx_kl            | 0.007643872 |
|    clip_fraction        | 0.019       |
|    clip_range           | 0.2         |
|    entropy_loss         | -1.75       |
|    explained_variance   | 0.953       |
|    learning_rate        | 0.0003      |
|    loss                 | 0.183       |
|    n_updates            | 80          |
|    policy_gradient_loss | -0.00371    |
|    value_loss           | 0.366       |
-----------------------------------------
------------------------------------------
| behaviour/              |              |
|    damage_taken         | 5            |
|    enemies_killed       | 1.26         |
|    episode_length       | 247          |
|    phase_reached        | 1            |
|    spawners_destroyed   | 0.03         |
|    survival_rate        | 0            |
| rollout/                |              |
|    ep_len_mean          | 247          |
|    ep_rew_mean          | -13.6        |
| time/                   |              |
|    fps                  | 14918        |
|    iterations           | 10           |
|    time_elapsed         | 2            |
|    total_timesteps      | 40960        |
| train/                  |              |
|    approx_kl            | 0.0056722425 |
|    clip_fraction        | 0.0311       |
|    clip_range           | 0.2          |
|    entropy_loss         | -1.74        |
|    explained_variance   | 0.95         |
|    learning_rate        | 0.0003       |
|    loss                 | 0.167        |
|    n_updates            | 90           |
|    policy_gradient_loss | -0.00475     |
|    value_loss           | 0.358        |
------------------------------------------
------------------------------------------
| behaviour/              |              |
|    damage_taken         | 5            |
|    enemies_killed       | 1.39         |
|    episode_length       | 247          |
|    phase_reached        | 1            |
|    spawners_destroyed   | 0.05         |
|    survival_rate        | 0            |
| rollout/                |              |
|    ep_len_mean          | 247          |
|    ep_rew_mean          | -13.3        |
| time/                   |              |
|    fps                  | 14862        |
|    iterations           | 11           |
|    time_elapsed         | 3            |
|    total_timesteps      | 45056        |
| train/                  |              |
|    approx_kl            | 0.0065753413 |
|    clip_fraction        | 0.0294       |
|    clip_range           | 0.2          |
|    entropy_loss         | -1.72        |
|    explained_variance   | 0.939        |
|    learning_rate        | 0.0003       |
|    loss                 | 0.204        |
|    n_updates            | 100          |
|    policy_gradient_loss | -0.00504     |
|    value_loss           | 0.437        |
------------------------------------------
-----------------------------------------
| behaviour/              |             |
|    damage_taken         | 5           |
|    enemies_killed       | 1.48        |
|    episode_length       | 244         |
|    phase_reached        | 1           |
|    spawners_destroyed   | 0.04        |
|    survival_rate        | 0           |
| rollout/                |             |
|    ep_len_mean          | 244         |
|    ep_rew_mean          | -13.3       |
| time/                   |             |
|    fps                  | 14821       |
|    iterations           | 12          |
|    time_elapsed         | 3           |
|    total_timesteps      | 49152       |
| train/                  |             |
|    approx_kl            | 0.010411219 |
|    clip_fraction        | 0.0813      |
|    clip_range           | 0.2         |
|    entropy_loss         | -1.7        |
|    explained_variance   | 0.927       |
|    learning_rate        | 0.0003      |
|    loss                 | 0.238       |
|    n_updates            | 110         |
|    policy_gradient_loss | -0.00858    |
|    value_loss           | 0.462       |
-----------------------------------------
-----------------------------------------
| behaviour/              |             |
|    damage_taken         | 5           |
|    enemies_killed       | 1.71        |
|    episode_length       | 247         |
|    phase_reached        | 1           |
|    spawners_destroyed   | 0.05        |
|    survival_rate        | 0           |
| rollout/                |             |
|    ep_len_mean          | 247         |
|    ep_rew_mean          | -13         |
| time/                   |             |
|    fps                  | 14684       |
|    iterations           | 13          |
|    time_elapsed         | 3           |
|    total_timesteps      | 53248       |
| train/                  |             |
|    approx_kl            | 0.008867171 |
|    clip_fraction        | 0.0392      |
|    clip_range           | 0.2         |
|    entropy_loss         | -1.69       |
|    explained_variance   | 0.919       |
|    learning_rate        | 0.0003      |
|    loss                 | 0.173       |
|    n_updates            | 120         |
|    policy_gradient_loss | -0.00573    |
|    value_loss           | 0.464       |
-----------------------------------------
-----------------------------------------
| behaviour/              |             |
|    damage_taken         | 5           |
|    enemies_killed       | 1.98        |
|    episode_length       | 254         |
|    phase_reached        | 1           |
|    spawners_destroyed   | 0.05        |
|    survival_rate        | 0           |
| rollout/                |             |
|    ep_len_mean          | 254         |
|    ep_rew_mean          | -12.8       |
| time/                   |             |
|    fps                  | 14634       |
|    iterations           | 14          |
|    time_elapsed         | 3           |
|    total_timesteps      | 57344       |
| train/                  |             |
|    approx_kl            | 0.008272347 |
|    clip_fraction        | 0.0313      |
|    clip_range           | 0.2         |
|    entropy_loss         | -1.67       |
|    explained_variance   | 0.899       |
|    learning_rate        | 0.0003      |
|    loss                 | 0.274       |
|    n_updates            | 130         |
|    policy_gradient_loss | -0.00551    |
|    value_loss           | 0.601       |
-----------------------------------------
------------------------------------------
| behaviour/              |              |
|    damage_taken         | 5            |
|    enemies_killed       | 2.11         |
|    episode_length       | 255          |
|    phase_reached        | 1            |
|    spawners_destroyed   | 0.06         |
|    survival_rate        | 0            |
| rollout/                |              |
|    ep_len_mean          | 255          |
|    ep_rew_mean          | -12.6        |
| time/                   |              |
|    fps                  | 14610        |
|    iterations           | 15           |
|    time_elapsed         | 4            |
|    total_timesteps      | 61440        |
| train/                  |              |
|    approx_kl            | 0.0068707895 |
|    clip_fraction        | 0.0386       |
|    clip_range           | 0.2          |
|    entropy_loss         | -1.66        |
|    explained_variance   | 0.857        |
|    learning_rate        | 0.0003       |
|    loss                 | 0.268        |
|    n_updates            | 140          |
|    policy_gradient_loss | -0.00572     |
|    value_loss           | 0.687        |
------------------------------------------
----------------------------------------
| behaviour/              |            |
|    damage_taken         | 5          |
|    enemies_killed       | 2.45       |
|    episode_length       | 265        |
|    phase_reached        | 1          |
|    spawners_destroyed   | 0.07       |
|    survival_rate        | 0          |
| rollout/                |            |
|    ep_len_mean          | 265        |
|    ep_rew_mean          | -12.4      |
| time/                   |            |
|    fps                  | 14581      |
|    iterations           | 16         |
|    time_elapsed         | 4          |
|    total_timesteps      | 65536      |
| train/                  |            |
|    approx_kl            | 0.00410411 |
|    clip_fraction        | 0.00781    |
|    clip_range           | 0.2        |
|    entropy_loss         | -1.67      |
|    explained_variance   | 0.841      |
|    learning_rate        | 0.0003     |
|    loss                 | 0.299      |
|    n_updates            | 150        |
|    policy_gradient_loss | -0.00218   |
|    value_loss           | 0.717      |
----------------------------------------
------------------------------------------
| behaviour/              |              |
|    damage_taken         | 5            |
|    enemies_killed       | 2.59         |
|    episode_length       | 267          |
|    phase_reached        | 1            |
|    spawners_destroyed   | 0.08         |
|    survival_rate        | 0            |
| rollout/                |              |
|    ep_len_mean          | 267          |
|    ep_rew_mean          | -12.2        |
| time/                   |              |
|    fps                  | 14583        |
|    iterations           | 17           |
|    time_elapsed         | 4            |
|    total_timesteps      | 69632        |
| train/                  |              |
|    approx_kl            | 0.0083436705 |
|    clip_fraction        | 0.031        |
|    clip_range           | 0.2          |
|    entropy_loss         | -1.68        |
|    explained_variance   | 0.833        |
|    learning_rate        | 0.0003       |
|    loss                 | 0.328        |
|    n_updates            | 160          |
|    policy_gradient_loss | -0.00554     |
|    value_loss           | 0.854        |
------------------------------------------
------------------------------------------
| behaviour/              |              |
|    damage_taken         | 5            |
|    enemies_killed       | 3.03         |
|    episode_length       | 277          |
|    phase_reached        | 1            |
|    spawners_destroyed   | 0.1          |
|    survival_rate        | 0            |
| rollout/                |              |
|    ep_len_mean          | 277          |
|    ep_rew_mean          | -11.7        |
| time/                   |              |
|    fps                  | 14549        |
|    iterations           | 18           |
|    time_elapsed         | 5            |
|    total_timesteps      | 73728        |
| train/                  |              |
|    approx_kl            | 0.0073502017 |
|    clip_fraction        | 0.0399       |
|    clip_range           | 0.2          |
|    entropy_loss         | -1.67        |
|    explained_variance   | 0.827        |
|    learning_rate        | 0.0003       |
|    loss                 | 0.337        |
|    n_updates            | 170          |
|    policy_gradient_loss | -0.0066      |
|    value_loss           | 0.816        |
------------------------------------------
------------------------------------------
| behaviour/              |              |
|    damage_taken         | 5            |
|    enemies_killed       | 3.24         |
|    episode_length       | 287          |
|    phase_reached        | 1            |
|    spawners_destroyed   | 0.14         |
|    survival_rate        | 0            |
| rollout/                |              |
|    ep_len_mean          | 287          |
|    ep_rew_mean          | -11.4        |
| time/                   |              |
|    fps                  | 14519        |
|    iterations           | 19           |
|    time_elapsed         | 5            |
|    total_timesteps      | 77824        |
| train/                  |              |
|    approx_kl            | 0.0068749823 |
|    clip_fraction        | 0.0333       |
|    clip_range           | 0.2          |
|    entropy_loss         | -1.63        |
|    explained_variance   | 0.796        |
|    learning_rate        | 0.0003       |
|    loss                 | 0.446        |
|    n_updates            | 180          |
|    policy_gradient_loss | -0.00493     |
|    value_loss           | 0.944        |
------------------------------------------
-----------------------------------------
| behaviour/              |             |
|    damage_taken         | 5           |
|    enemies_killed       | 3.31        |
|    episode_length       | 291         |
|    phase_reached        | 1.01        |
|    spawners_destroyed   | 0.16        |
|    survival_rate        | 0           |
| rollout/                |             |
|    ep_len_mean          | 291         |
|    ep_rew_mean          | -11.2       |
| time/                   |             |
|    fps                  | 14503       |
|    iterations           | 20          |
|    time_elapsed         | 5           |
|    total_timesteps      | 81920       |
| train/                  |             |
|    approx_kl            | 0.006458344 |
|    clip_fraction        | 0.0284      |
|    clip_range           | 0.2         |
|    entropy_loss         | -1.63       |
|    explained_variance   | 0.863       |
|    learning_rate        | 0.0003      |
|    loss                 | 0.298       |
|    n_updates            | 190         |
|    policy_gradient_loss | -0.00656    |
|    value_loss           | 0.705       |
-----------------------------------------
-----------------------------------------
| behaviour/              |             |
|    damage_taken         | 5           |
|    enemies_killed       | 3.44        |
|    episode_length       | 297         |
|    phase_reached        | 1.01        |
|    spawners_destroyed   | 0.18        |
|    survival_rate        | 0           |
| rollout/                |             |
|    ep_len_mean          | 297         |
|    ep_rew_mean          | -11         |
| time/                   |             |
|    fps                  | 14482       |
|    iterations           | 21          |
|    time_elapsed         | 5           |
|    total_timesteps      | 86016       |
| train/                  |             |
|    approx_kl            | 0.006252809 |
|    clip_fraction        | 0.0295      |
|    clip_range           | 0.2         |
|    entropy_loss         | -1.62       |
|    explained_variance   | 0.799       |
|    learning_rate        | 0.0003      |
|    loss                 | 0.375       |
|    n_updates            | 200         |
|    policy_gradient_loss | -0.0053     |
|    value_loss           | 0.916       |
-----------------------------------------
-----------------------------------------
| behaviour/              |             |
|    damage_taken         | 5           |
|    enemies_killed       | 3.59        |
|    episode_length       | 301         |
|    phase_reached        | 1.01        |
|    spawners_destroyed   | 0.18        |
|    survival_rate        | 0           |
| rollout/                |             |
|    ep_len_mean          | 301         |
|    ep_rew_mean          | -10.9       |
| time/                   |             |
|    fps                  | 14451       |
|    iterations           | 22          |
|    time_elapsed         | 6           |
|    total_timesteps      | 90112       |
| train/                  |             |
|    approx_kl            | 0.006199794 |
|    clip_fraction        | 0.0405      |
|    clip_range           | 0.2         |
|    entropy_loss         | -1.61       |
|    explained_variance   | 0.765       |
|    learning_rate        | 0.0003      |
|    loss                 | 0.535       |
|    n_updates            | 210         |
|    policy_gradient_loss | -0.0059     |
|    value_loss           | 0.987       |
-----------------------------------------
----------------------------------------
| behaviour/              |            |
|    damage_taken         | 5          |
|    enemies_killed       | 3.96       |
|    episode_length       | 324        |
|    phase_reached        | 1.02       |
|    spawners_destroyed   | 0.22       |
|    survival_rate        | 0          |
| rollout/                |            |
|    ep_len_mean          | 324        |
|    ep_rew_mean          | -10.5      |
| time/                   |            |
|    fps                  | 14411      |
|    iterations           | 23         |
|    time_elapsed         | 6          |
|    total_timesteps      | 94208      |
| train/                  |            |
|    approx_kl            | 0.00887689 |
|    clip_fraction        | 0.0605     |
|    clip_range           | 0.2        |
|    entropy_loss         | -1.61      |
|    explained_variance   | 0.829      |
|    learning_rate        | 0.0003     |
|    loss                 | 0.348      |
|    n_updates            | 220        |
|    policy_gradient_loss | -0.00768   |
|    value_loss           | 0.764      |
----------------------------------------
------------------------------------------
| behaviour/              |              |
|    damage_taken         | 5            |
|    enemies_killed       | 4            |
|    episode_length       | 333          |
|    phase_reached        | 1.03         |
|    spawners_destroyed   | 0.26         |
|    survival_rate        | 0            |
| rollout/                |              |
|    ep_len_mean          | 333          |
|    ep_rew_mean          | -10.2        |
| time/                   |              |
|    fps                  | 14387        |
|    iterations           | 24           |
|    time_elapsed         | 6            |
|    total_timesteps      | 98304        |
| train/                  |              |
|    approx_kl            | 0.0065748654 |
|    clip_fraction        | 0.0237       |
|    clip_range           | 0.2          |
|    entropy_loss         | -1.57        |
|    explained_variance   | 0.703        |
|    learning_rate        | 0.0003       |
|    loss                 | 0.578        |
|    n_updates            | 230          |
|    policy_gradient_loss | -0.00528     |
|    value_loss           | 1.28         |
------------------------------------------
-----------------------------------------
| behaviour/              |             |
|    damage_taken         | 5           |
|    enemies_killed       | 4.44        |
|    episode_length       | 362         |
|    phase_reached        | 1.04        |
|    spawners_destroyed   | 0.28        |
|    survival_rate        | 0           |
| rollout/                |             |
|    ep_len_mean          | 362         |
|    ep_rew_mean          | -9.88       |
| time/                   |             |
|    fps                  | 14343       |
|    iterations           | 25          |
|    time_elapsed         | 7           |
|    total_timesteps      | 102400      |
| train/                  |             |
|    approx_kl            | 0.008070837 |
|    clip_fraction        | 0.0481      |
|    clip_range           | 0.2         |
|    entropy_loss         | -1.55       |
|    explained_variance   | 0.703       |
|    learning_rate        | 0.0003      |
|    loss                 | 0.776       |
|    n_updates            | 240         |
|    policy_gradient_loss | -0.00764    |
|    value_loss           | 1.23        |
-----------------------------------------
[train_arena] saved /Users/hanhdo/Documents/RMIT/Semester 11/Games and AI Techniques/assignments/A3/A3_TDuong/logs/arena_sweep/models/ppo_direct.zip in 7.2s
[train_arena] tensorboard --logdir /Users/hanhdo/Documents/RMIT/Semester 11/Games and AI Techniques/assignments/A3/A3_TDuong/logs/arena_sweep
